// Jest Snapshot v1, https://goo.gl/fbAQLP

exports[`Spinner should match snapshot 1`] = `
<body>
  <div>
    <div
      class="spinner"
    />
  </div>
</body>
`;
